Gnucap gnucap-arails  2009.12.07 RCS 26.136
The Gnu Circuit Analysis Package
Never trust any version less than 1.0
Copyright 1982-2009, Albert Davis
Gnucap comes with ABSOLUTELY NO WARRANTY
This is free software, and you are welcome
to redistribute it under the terms of 
the GNU General Public License, version 3 or later.
See the file "COPYING" for details.
M: already installed, replacing
stashing as M:0
nmos8: already installed, replacing
stashing as nmos8:0
pmos8: already installed, replacing
stashing as pmos8:0
nmos49: already installed, replacing
stashing as nmos49:0
pmos49: already installed, replacing
stashing as pmos49:0
A BSIM330 noise circuit 
#           V(1)       V(2)       V(3)       I(Vg)      I(VD)     
 27.        2.9        2.0144     5.         0.        -29.857u   
#Freq       V(1)       V(2)       V(3)       I(Vg)      I(VD)     
 10.        1.         4.5571     455.71p    3.5383p    45.571u   
 31.623     1.         4.5571     455.71p    11.189p    45.571u   
 100.       1.         4.5571     455.71p    35.383p    45.571u   
#Freq inoise_density onoise_density
 10.  447.982E-18  9.3033E-15
 31.62278  447.982E-18  9.3033E-15
 100.  447.982E-18  9.3033E-15

#index inoise_total onoise_total
0  40.3184E-15  837.297E-15

