Gnucap gnucap-arails  2009.12.07 RCS 26.136
The Gnu Circuit Analysis Package
Never trust any version less than 1.0
Copyright 1982-2009, Albert Davis
Gnucap comes with ABSOLUTELY NO WARRANTY
This is free software, and you are welcome
to redistribute it under the terms of 
the GNU General Public License, version 3 or later.
See the file "COPYING" for details.
A 5-R noise circuit 
#Freq inoise_density onoise_density
 10.  1.69144E-18  1.62576E-18
 100.  1.69144E-18  1.62576E-18

#index inoise_total onoise_total
0  152.23E-18  146.318E-18

